// Jest Snapshot v1, https://goo.gl/fbAQLP

exports[`App test suite renders without crashing 1`] = `ShallowWrapper {}`;
